Resolving dependencies...
Downloading packages...
  archive 4.2.0 (4.3.0 available)
! dartnative 1.0.0 from path .dart_tool/dartnative_sdk/dartnative (overridden)
  vector_math 2.4.2 (2.4.3 available)
Got dependencies!
2 packages have newer versions incompatible with dependency constraints.
Try `dart pub outdated` for more information.
dartnative: a newer framework build is available for this SDK (edition 7ae29132). Run `dn upgrade` to install it — nothing changes until you do.
Launching lib/main.dart on iPhone 17 Pro in debug mode...
Running Xcode build...                                          
Xcode build done.                                           19.1s
dartnative: [DN] Licence valid (community), expires 2027-09-14
dartnative: [DN] lifecycle → AppLifecycleState.inactive
Syncing files to device iPhone 17 Pro...                            70ms

DartNative run key commands.
r Hot reload. 🔥🔥🔥
R Hot restart.
h List all available interactive commands.
d Detach (terminate "dn run" but leave application running).
c Clear the screen
q Quit (terminate the application on the device).

A Dart VM Service on iPhone 17 Pro is available at: http://127.0.0.1:52888/V-62fFeWtIw=/
The DartNative DevTools debugger and profiler on iPhone 17 Pro is available at: http://127.0.0.1:52888/V-62fFeWtIw=/devtools/?uri=ws://127.0.0.1:52888/V-62fFeWtIw=/ws
dartnative: [DN] lifecycle → AppLifecycleState.resumed
dartnative: dart3d: contact began a=82 b=84 pts=1
dartnative: dart3d: contact began a=82 b=84 pts=1
dartnative: dart3d: contact began a=82 b=84 pts=1
dartnative: dart3d: contact began a=82 b=84 pts=1
dartnative: dart3d: contact triggerEntered a=87 b=80
dartnative: dart3d: contact triggerEntered a=87 b=80
dartnative: dart3d: contact began a=85 b=82 pts=1
dartnative: dart3d: contact began a=85 b=82 pts=1
dartnative: dart3d: contact began a=85 b=82 pts=1
dartnative: dart3d: contact began a=85 b=82 pts=1
dartnative: dart3d: contact triggerExited a=87 b=80
dartnative: dart3d: contact began a=85 b=82 pts=1
dartnative: dart3d: contact began a=85 b=82 pts=1
dartnative: dart3d: contact began a=85 b=82 pts=1
dartnative: dart3d: contact began a=85 b=82 pts=1
dartnative: dart3d: contact began a=80 b=82 pts=1
dartnative: dart3d: contact began a=79 b=82 pts=1
dartnative: dart3d: contact began a=79 b=82 pts=1
dartnative: dart3d: contact began a=79 b=82 pts=1
dartnative: dart3d: contact began a=79 b=82 pts=1
dartnative: dart3d: contact began a=85 b=82 pts=1
dartnative: dart3d: contact began a=85 b=82 pts=1
dartnative: dart3d: contact began a=85 b=82 pts=1
dartnative: dart3d: contact began a=84 b=82 pts=1
dartnative: dart3d: contact began a=84 b=82 pts=1
dartnative: dart3d: contact began a=84 b=82 pts=1
dartnative: dart3d: contact began a=84 b=82 pts=1
dartnative: dart3d: contact triggerEntered a=87 b=80
dartnative: dart3d: contact triggerEntered a=87 b=80
dartnative: dart3d: contact began a=85 b=82 pts=1
dartnative: dart3d: contact began a=85 b=82 pts=1
dartnative: dart3d: contact began a=85 b=82 pts=1
dartnative: dart3d: contact began a=85 b=82 pts=1
dartnative: dart3d: contact triggerExited a=87 b=80
dartnative: dart3d: contact began a=85 b=82 pts=1
dartnative: dart3d: contact began a=85 b=82 pts=1
dartnative: dart3d: contact began a=85 b=82 pts=1
dartnative: dart3d: contact began a=85 b=82 pts=1
dartnative: dart3d: contact began a=82 b=80 pts=1
dartnative: dart3d: contact began a=79 b=82 pts=1
dartnative: dart3d: contact began a=79 b=82 pts=1
dartnative: dart3d: contact began a=79 b=82 pts=1
dartnative: dart3d: contact began a=79 b=82 pts=1
dartnative: dart3d: contact began a=85 b=82 pts=1
dartnative: dart3d: contact began a=85 b=82 pts=1
dartnative: dart3d: contact began a=85 b=82 pts=1
dartnative: dart3d: contact began a=85 b=82 pts=1
dartnative: dart3d: contact began a=85 b=82 pts=1
dartnative: dart3d: contact began a=85 b=82 pts=1
dartnative: dart3d: contact began a=85 b=82 pts=1
dartnative: dart3d: contact began a=85 b=82 pts=1
dartnative: dart3d: contact began a=85 b=82 pts=1
dartnative: dart3d: contact ended a=79 b=82
dartnative: dart3d: contact ended a=79 b=82
dartnative: dart3d: contact ended a=85 b=82
dartnative: dart3d: contact ended a=85 b=82
dartnative: dart3d: contact ended a=85 b=82
dartnative: dart3d: contact began a=79 b=82 pts=1
dartnative: dart3d: contact began a=79 b=82 pts=1
dartnative: dart3d: contact began a=85 b=86 pts=1
dartnative: dart3d: contact began a=85 b=86 pts=1
dartnative: dart3d: contact began a=85 b=86 pts=1
dartnative: dart3d: contact began a=85 b=86 pts=1
dartnative: dart3d: contact ended a=85 b=86
dartnative: dart3d: contact ended a=85 b=86
dartnative: dart3d: contact ended a=85 b=86
dartnative: dart3d: contact ended a=85 b=86
dartnative: dart3d: contact began a=82 b=84 pts=1
dartnative: dart3d: contact began a=82 b=84 pts=1
dartnative: dart3d: contact began a=82 b=84 pts=1
dartnative: dart3d: contact began a=82 b=84 pts=1
dartnative: dart3d: contact triggerEntered a=87 b=80
dartnative: dart3d: contact triggerEntered a=87 b=80
dartnative: dart3d: contact began a=85 b=82 pts=1
dartnative: dart3d: contact began a=85 b=82 pts=1
dartnative: dart3d: contact began a=85 b=82 pts=1
dartnative: dart3d: contact began a=85 b=82 pts=1
dartnative: dart3d: contact triggerExited a=87 b=80
dartnative: dart3d: contact began a=85 b=82 pts=1
dartnative: dart3d: contact began a=85 b=82 pts=1
dartnative: dart3d: contact began a=85 b=82 pts=1
dartnative: dart3d: contact began a=85 b=82 pts=1
dartnative: dart3d: contact began a=82 b=80 pts=1
dartnative: dart3d: contact began a=82 b=79 pts=1
dartnative: dart3d: contact began a=82 b=79 pts=1
dartnative: dart3d: contact began a=82 b=79 pts=1
dartnative: dart3d: contact began a=82 b=79 pts=1
dartnative: dart3d: contact began a=85 b=82 pts=1
dartnative: dart3d: contact began a=85 b=82 pts=1
dartnative: dart3d: contact began a=85 b=82 pts=1
dartnative: dart3d: contact began a=85 b=82 pts=1
dartnative: dart3d: contact began a=85 b=82 pts=1
dartnative: dart3d: contact began a=85 b=82 pts=1
dartnative: dart3d: contact began a=85 b=82 pts=1
dartnative: dart3d: contact began a=85 b=82 pts=1
dartnative: dart3d: contact began a=85 b=82 pts=1
dartnative: dart3d: contact ended a=82 b=79
dartnative: dart3d: contact ended a=82 b=79
dartnative: dart3d: contact ended a=85 b=82
dartnative: dart3d: contact ended a=85 b=82
dartnative: dart3d: contact ended a=85 b=82
dartnative: dart3d: contact began a=82 b=79 pts=1
dartnative: dart3d: contact began a=82 b=79 pts=1
dartnative: dart3d: contact began a=85 b=86 pts=1
dartnative: dart3d: contact began a=85 b=86 pts=1
dartnative: dart3d: contact began a=85 b=86 pts=1
dartnative: dart3d: contact began a=85 b=86 pts=1
dartnative: dart3d: contact ended a=85 b=86
dartnative: dart3d: contact ended a=85 b=86
dartnative: dart3d: contact ended a=85 b=86
dartnative: dart3d: contact ended a=85 b=86
dartnative: dart3d: contact began a=85 b=86 pts=1
dartnative: dart3d: contact began a=85 b=86 pts=1
dartnative: dart3d: contact began a=85 b=86 pts=1
dartnative: dart3d: contact began a=85 b=86 pts=1
dartnative: dart3d: contact ended a=85 b=86
dartnative: dart3d: contact ended a=85 b=86
dartnative: dart3d: contact ended a=85 b=86
dartnative: dart3d: contact ended a=85 b=86
dartnative: dart3d: contact began a=85 b=86 pts=1
dartnative: dart3d: contact began a=85 b=86 pts=1
dartnative: dart3d: contact began a=85 b=86 pts=1
dartnative: dart3d: contact began a=85 b=86 pts=1
dartnative: dart3d: contact ended a=82 b=79
dartnative: dart3d: contact ended a=82 b=79
dartnative: dart3d: contact ended a=82 b=79
dartnative: dart3d: contact ended a=82 b=79
dartnative: dart3d: contact triggerEntered a=87 b=80
dartnative: dart3d: contact triggerEntered a=87 b=80
dartnative: dart3d: contact began a=82 b=41 pts=1
dartnative: dart3d: contact began a=82 b=41 pts=1
dartnative: dart3d: contact began a=82 b=41 pts=1
dartnative: dart3d: contact began a=82 b=41 pts=1
dartnative: dart3d: contact triggerExited a=87 b=80
dartnative: dart3d: contact began a=82 b=80 pts=1
dartnative: dart3d: contact began a=102 b=79 pts=1
dartnative: dart3d: contact ended a=102 b=79
dartnative: dart3d: contact began a=102 b=79 pts=1
dartnative: dart3d: contact began a=102 b=79 pts=1
dartnative: dart3d: contact ended a=102 b=79
dartnative: dart3d: contact began a=102 b=79 pts=1
dartnative: dart3d: contact ended a=102 b=79
dartnative: dart3d: contact began a=102 b=79 pts=1
dartnative: dart3d: contact ended a=102 b=79
dartnative: dart3d: contact ended a=102 b=79
dartnative: dart3d: contact began a=82 b=79 pts=1
dartnative: dart3d: contact began a=82 b=79 pts=1
dartnative: dart3d: contact ended a=82 b=79
dartnative: dart3d: contact ended a=82 b=79
dartnative: dart3d: contact began a=82 b=79 pts=1
dartnative: dart3d: contact began a=82 b=79 pts=1
dartnative: dart3d: contact ended a=82 b=79
dartnative: dart3d: contact began a=82 b=79 pts=1
dartnative: dart3d: contact ended a=82 b=79
dartnative: dart3d: contact began a=82 b=79 pts=1
dartnative: dart3d: contact ended a=82 b=79
dartnative: dart3d: contact ended a=82 b=79
dartnative: dart3d: contact began a=79 b=111 pts=1
dartnative: dart3d: contact began a=79 b=111 pts=1
dartnative: dart3d: contact ended a=79 b=111
dartnative: dart3d: contact began a=79 b=111 pts=1
dartnative: dart3d: contact ended a=79 b=111
dartnative: dart3d: contact began a=79 b=111 pts=1
dartnative: dart3d: contact ended a=79 b=111
dartnative: dart3d: contact began a=79 b=111 pts=1
dartnative: dart3d: contact ended a=79 b=111
dartnative: dart3d: contact began a=79 b=111 pts=1
dartnative: dart3d: contact ended a=79 b=111
dartnative: dart3d: contact began a=79 b=111 pts=1
dartnative: dart3d: contact ended a=79 b=111
dartnative: dart3d: contact began a=82 b=79 pts=1
dartnative: dart3d: contact began a=79 b=111 pts=1
dartnative: dart3d: contact ended a=79 b=111
dartnative: dart3d: contact began a=82 b=79 pts=1
dartnative: dart3d: contact ended a=82 b=79
dartnative: dart3d: contact began a=79 b=111 pts=1
dartnative: dart3d: contact ended a=79 b=111
dartnative: dart3d: contact ended a=82 b=79
dartnative: dart3d: contact began a=79 b=111 pts=1
dartnative: dart3d: contact ended a=79 b=111
dartnative: dart3d: contact began a=82 b=79 pts=1
dartnative: dart3d: contact began a=79 b=111 pts=1
dartnative: dart3d: contact ended a=79 b=111
dartnative: dart3d: contact began a=82 b=79 pts=1
dartnative: dart3d: contact ended a=82 b=79
dartnative: dart3d: contact began a=79 b=111 pts=1
dartnative: dart3d: contact ended a=79 b=111
dartnative: dart3d: contact began a=82 b=79 pts=1
dartnative: dart3d: contact ended a=82 b=79
dartnative: dart3d: contact ended a=79 b=111
dartnative: dart3d: contact began a=82 b=79 pts=1
dartnative: dart3d: contact ended a=82 b=79
dartnative: dart3d: contact began a=82 b=79 pts=1
dartnative: dart3d: contact ended a=82 b=79
dartnative: dart3d: contact began a=82 b=79 pts=1
dartnative: dart3d: contact ended a=82 b=79
dartnative: dart3d: contact ended a=82 b=79
dartnative: dart3d: contact began a=82 b=79 pts=1
dartnative: dart3d: contact ended a=82 b=79
dartnative: dart3d: contact began a=82 b=79 pts=1
dartnative: dart3d: contact ended a=82 b=79
dartnative: dart3d: contact began a=82 b=79 pts=1
dartnative: dart3d: contact ended a=82 b=79
dartnative: dart3d: contact began a=82 b=79 pts=1
dartnative: dart3d: contact began a=82 b=79 pts=1
dartnative: dart3d: contact began a=82 b=79 pts=1
dartnative: dart3d: contact ended a=82 b=79
dartnative: dart3d: contact ended a=82 b=79
dartnative: dart3d: contact began a=82 b=79 pts=1
dartnative: dart3d: contact ended a=82 b=79
dartnative: dart3d: contact ended a=82 b=79
dartnative: dart3d: contact began a=82 b=79 pts=1
dartnative: dart3d: contact began a=82 b=79 pts=1
dartnative: dart3d: contact ended a=82 b=79
dartnative: dart3d: contact began a=82 b=79 pts=1
dartnative: dart3d: contact ended a=82 b=79
dartnative: dart3d: contact began a=82 b=79 pts=1
dartnative: dart3d: contact ended a=82 b=79
dartnative: dart3d: contact began a=82 b=79 pts=1
dartnative: dart3d: contact ended a=82 b=79
dartnative: dart3d: contact ended a=82 b=79
dartnative: dart3d: contact began a=82 b=79 pts=1
dartnative: dart3d: contact began a=82 b=79 pts=1
dartnative: dart3d: contact began a=82 b=79 pts=1
dartnative: dart3d: contact began a=82 b=79 pts=1
dartnative: dart3d: contact ended a=82 b=79
dartnative: dart3d: contact began a=82 b=79 pts=1
dartnative: dart3d: contact ended a=82 b=79
dartnative: dart3d: contact ended a=82 b=79
dartnative: dart3d: contact ended a=82 b=79
dartnative: dart3d: contact began a=82 b=79 pts=1
dartnative: dart3d: contact ended a=82 b=79
dartnative: dart3d: contact began a=82 b=79 pts=1
dartnative: dart3d: contact ended a=82 b=79
dartnative: dart3d: contact began a=82 b=79 pts=1
dartnative: dart3d: contact ended a=82 b=79
dartnative: dart3d: contact began a=82 b=79 pts=1
dartnative: dart3d: contact ended a=82 b=79
dartnative: dart3d: contact began a=82 b=79 pts=1
dartnative: dart3d: contact ended a=82 b=79
dartnative: dart3d: contact began a=82 b=79 pts=1
dartnative: dart3d: contact ended a=82 b=79
dartnative: dart3d: contact began a=82 b=79 pts=1
dartnative: dart3d: contact ended a=82 b=79
dartnative: dart3d: contact began a=82 b=79 pts=1
dartnative: dart3d: contact ended a=82 b=79
dartnative: dart3d: contact began a=82 b=79 pts=1
dartnative: dart3d: contact ended a=82 b=79
dartnative: dart3d: contact began a=82 b=79 pts=1
dartnative: dart3d: contact ended a=82 b=79
dartnative: dart3d: contact began a=82 b=79 pts=1
dartnative: dart3d: contact ended a=82 b=79
dartnative: dart3d: contact began a=82 b=79 pts=1
dartnative: dart3d: contact ended a=82 b=79
dartnative: dart3d: contact began a=82 b=79 pts=1
dartnative: dart3d: contact ended a=82 b=79
dartnative: dart3d: contact began a=82 b=79 pts=1
dartnative: dart3d: contact ended a=82 b=79
dartnative: dart3d: contact began a=82 b=79 pts=1
dartnative: dart3d: contact ended a=82 b=79
dartnative: dart3d: contact began a=82 b=79 pts=1
dartnative: dart3d: contact ended a=82 b=79
dartnative: dart3d: contact began a=82 b=79 pts=1
dartnative: dart3d: queries: pose:(-2.64,-0.01,-0.88) · ray:n79@1.50,n82@2.49 · overlap:4 · cast:n79@1.19,n82@2.19
dartnative: dart3d: contact ended a=82 b=79
dartnative: dart3d: contact began a=82 b=79 pts=1
dartnative: dart3d: contact ended a=82 b=79
dartnative: dart3d: contact began a=82 b=79 pts=1
dartnative: dart3d: contact ended a=82 b=79
dartnative: dart3d: contact ended a=82 b=79
dartnative: dart3d: joint rig landed — 10 joints
dartnative: dart3d: contact began a=85 b=86 pts=1
dartnative: dart3d: joint broke #9 a=57 b=58
dartnative: dart3d: contact began a=85 b=86 pts=1
dartnative: dart3d: contact began a=41 b=82 pts=1
dartnative: dart3d: contact began a=41 b=82 pts=1
dartnative: dart3d: contact began a=84 b=82 pts=1
dartnative: dart3d: contact began a=84 b=82 pts=1
dartnative: dart3d: contact began a=80 b=82 pts=1
dartnative: dart3d: contact began a=85 b=86 pts=1
dartnative: dart3d: contact began a=85 b=86 pts=1
dartnative: dart3d: contact began a=84 b=82 pts=1
dartnative: dart3d: contact began a=84 b=82 pts=1
dartnative: dart3d: contact began a=41 b=82 pts=1
dartnative: dart3d: contact began a=41 b=82 pts=1
dartnative: dart3d: contact began a=80 b=82 pts=1
dartnative: dart3d: contact began a=85 b=86 pts=1
dartnative: dart3d: contact began a=85 b=86 pts=1
dartnative: dart3d: contact began a=84 b=82 pts=1
dartnative: dart3d: contact began a=84 b=82 pts=1
dartnative: dart3d: contact began a=41 b=82 pts=1
dartnative: dart3d: contact began a=41 b=82 pts=1
dartnative: dart3d: contact began a=48 b=82 pts=1
dartnative: dart3d: contact began a=48 b=82 pts=1
dartnative: dart3d: contact began a=48 b=82 pts=1
dartnative: dart3d: contact began a=48 b=82 pts=1
dartnative: dart3d: contact ended a=48 b=82
dartnative: dart3d: contact ended a=48 b=82
dartnative: dart3d: contact ended a=48 b=82
dartnative: dart3d: contact ended a=48 b=82
dartnative: dart3d: contact began a=48 b=82 pts=1
dartnative: dart3d: contact began a=48 b=82 pts=1
dartnative: dart3d: contact began a=48 b=82 pts=1
dartnative: dart3d: contact began a=48 b=82 pts=1
dartnative: dart3d: w11 phase — flag skin, morph blob, wave+pulse
dartnative: dart3d: w11 j1 rot=(-0.00,-0.00,-0.22,0.98) t=0.60 live=(-0.00,-0.00,-0.08,1.00)
dartnative: dart3d: w11 j1 rot=(0.00,0.00,0.11,0.99) t=1.20 live=(-0.00,-0.00,0.04,1.00)
dartnative: dart3d: w11 j1 rot=(0.00,0.00,0.11,0.99) t=1.80 live=(-0.00,-0.00,0.04,1.00)
dartnative: dart3d: w11 j1 rot=(-0.00,-0.00,-0.22,0.98) t=0.40 live=(-0.00,-0.00,-0.04,1.00)
dartnative: dart3d: w11 j1 rot=(0.00,0.00,0.00,1.00) t=1.00 live=(-0.00,-0.00,0.00,1.00)
dartnative: dart3d: w11 j1 rot=(0.00,0.00,0.22,0.98) t=1.60 live=(-0.00,-0.00,0.04,1.00)
dartnative: dart3d: contact ended a=80 b=82
dartnative: dart3d: w11 j1 rot=(-0.00,-0.00,-0.03,1.00) t=0.95 live=(-0.00,-0.00,-0.00,1.00)
dartnative: dart3d: contact triggerEntered a=87 b=80
dartnative: dart3d: contact triggerEntered a=87 b=80
dartnative: dart3d: contact triggerExited a=87 b=80
dartnative: dart3d: contact began a=80 b=82 pts=1
dartnative: dart3d: contact began a=79 b=82 pts=1
dartnative: dart3d: contact began a=79 b=82 pts=1
dartnative: dart3d: contact began a=79 b=82 pts=1
dartnative: dart3d: contact began a=79 b=82 pts=1
dartnative: dart3d: contact ended a=79 b=82
dartnative: dart3d: contact ended a=79 b=82
dartnative: dart3d: contact ended a=79 b=82
dartnative: dart3d: contact began a=79 b=82 pts=1
dartnative: dart3d: contact began a=79 b=82 pts=1
dartnative: dart3d: contact began a=79 b=82 pts=1
dartnative: dart3d: contact ended a=79 b=82
dartnative: dart3d: contact began a=79 b=82 pts=1
dartnative: dart3d: w11 j1 rot=(0.00,0.00,0.24,0.97) t=1.55 live=(-0.00,-0.00,0.04,1.00)
dartnative: dart3d: w11 j1 rot=(-0.00,-0.00,-0.08,1.00) t=0.15 live=(-0.00,-0.00,-0.01,1.00)
dartnative: dart3d: w11 j1 rot=(-0.00,-0.00,-0.14,0.99) t=0.75 live=(-0.00,-0.00,-0.02,1.00)
dartnative: dart3d: w11 j1 rot=(0.00,0.00,0.19,0.98) t=1.35 live=(-0.00,-0.00,0.03,1.00)
dartnative: dart3d: w11 j1 rot=(0.00,0.00,0.03,1.00) t=1.95 live=(-0.00,-0.00,0.00,1.00)
dartnative: dart3d: w12 phase — joint components + variants + rectAreaLight
dartnative: dart3d: w12 phase — joint components, variants, rectAreaLight, enabled:false
dartnative: dart3d: contact began a=41 b=82 pts=1
dartnative: dart3d: contact began a=41 b=82 pts=1
dartnative: dart3d: contact began a=48 b=82 pts=1
dartnative: dart3d: contact began a=48 b=82 pts=1
dartnative: dart3d: contact began a=80 b=82 pts=1
dartnative: dart3d: contact began a=79 b=82 pts=1
dartnative: dart3d: contact began a=79 b=82 pts=1
dartnative: dart3d: contact began a=84 b=82 pts=1
dartnative: dart3d: contact began a=84 b=82 pts=1
dartnative: dart3d: contact began a=41 b=82 pts=1
dartnative: dart3d: contact began a=41 b=82 pts=1
dartnative: dart3d: contact began a=48 b=82 pts=1
dartnative: dart3d: contact began a=48 b=82 pts=1
dartnative: dart3d: contact began a=79 b=82 pts=1
dartnative: dart3d: contact began a=79 b=82 pts=1
dartnative: dart3d: contact began a=84 b=82 pts=1
dartnative: dart3d: contact began a=84 b=82 pts=1
dartnative: dart3d: contact began a=87 b=82 pts=1
dartnative: dart3d: contact began a=87 b=82 pts=1
dartnative: dart3d: contact began a=87 b=82 pts=1
dartnative: dart3d: contact began a=87 b=82 pts=1
dartnative: dart3d: contact began a=88 b=82 pts=1
dartnative: dart3d: contact began a=88 b=82 pts=1
dartnative: dart3d: contact began a=88 b=82 pts=1
dartnative: dart3d: contact began a=88 b=82 pts=1
dartnative: dart3d: contact began a=86 b=82 pts=1
dartnative: dart3d: contact began a=86 b=82 pts=1
dartnative: dart3d: contact began a=86 b=82 pts=1
dartnative: dart3d: contact began a=86 b=82 pts=1
dartnative: dart3d: contact ended a=87 b=82
dartnative: dart3d: contact ended a=87 b=82
dartnative: dart3d: contact ended a=87 b=82
dartnative: dart3d: contact ended a=87 b=82
dartnative: dart3d: contact ended a=88 b=82
dartnative: dart3d: contact ended a=88 b=82
dartnative: dart3d: contact ended a=88 b=82
dartnative: dart3d: contact ended a=88 b=82
dartnative: dart3d: contact ended a=86 b=82
dartnative: dart3d: contact ended a=86 b=82
dartnative: dart3d: contact ended a=86 b=82
dartnative: dart3d: contact ended a=86 b=82
dartnative: dart3d: contact began a=86 b=82 pts=1
dartnative: dart3d: contact began a=86 b=82 pts=1
dartnative: dart3d: contact began a=87 b=82 pts=1
dartnative: dart3d: contact began a=87 b=82 pts=1
dartnative: dart3d: contact began a=87 b=82 pts=1
dartnative: dart3d: contact began a=87 b=82 pts=1
dartnative: dart3d: contact began a=88 b=82 pts=1
dartnative: dart3d: contact began a=88 b=82 pts=1
dartnative: dart3d: contact began a=88 b=82 pts=1
dartnative: dart3d: contact began a=88 b=82 pts=1
dartnative: dart3d: contact began a=86 b=82 pts=1
dartnative: dart3d: contact began a=86 b=82 pts=1
dartnative: dart3d: w12 poses[3s] anchor=(2.90,1.59,0.20) free=(3.51,-0.35,0.23) linkA=(-3.00,-0.35,0.20) linkB=(-2.40,-0.35,0.20)
dartnative: dart3d: w12 poses[11s] anchor=(2.90,1.59,0.20) free=(3.51,-0.35,0.23) linkA=(-3.00,-0.35,0.20) linkB=(-2.40,-0.35,0.20)
dartnative: dart3d: w13 phase — environment effects toggles
dartnative: dart3d: w13 bloom on
dartnative: dart3d: w13 bloom+ao on
dartnative: dart3d: w13 bloom+ao+fog on
dartnative: dart3d: w13 bloom+ao+fog+dof stack
dartnative: dart3d: w13 swap vignette+ca+colorGrading
dartnative: dart3d: w13 filmGrain+autoExposure on
dartnative: dart3d: w13 effects reset
dartnative: dart3d: w13 overridesEffects:false — effects key omitted
dartnative: dart3d: w14 phase — render textures + views
dartnative: dart3d: w14 rt live
dartnative: dart3d: w14 manual view added
dartnative: dart3d: w14 manual render
dartnative: dart3d: w14 second rt producer
dartnative: dart3d: w14 views reduced
dartnative: dart3d: w14 stage quality
dartnative: dart3d: w14 stage reset
dartnative: dart3d: w14 showcase
dartnative: dart3d: wloose phase — ccd + bowl + margin + settle latency
dartnative: dart3d: wloose probes spawned — ccd drop, bowl drop; margin drop waits for quiet
dartnative: dart3d: contact began a=101 b=103 pts=1
dartnative: dart3d: contact began a=104 b=111 pts=1
dartnative: dart3d: contact began a=104 b=111 pts=1
dartnative: dart3d: contact began a=104 b=111 pts=1
dartnative: dart3d: contact began a=104 b=111 pts=1
dartnative: dart3d: contact began a=104 b=111 pts=1
dartnative: dart3d: contact began a=104 b=111 pts=1
dartnative: dart3d: contact began a=104 b=111 pts=1
dartnative: dart3d: contact began a=104 b=111 pts=1
dartnative: dart3d: contact began a=104 b=111 pts=1
dartnative: dart3d: contact began a=104 b=111 pts=1
dartnative: dart3d: contact ended a=104 b=111
dartnative: dart3d: contact began a=104 b=111 pts=1
dartnative: dart3d: contact began a=104 b=111 pts=1
dartnative: dart3d: contact began a=104 b=111 pts=1
dartnative: dart3d: contact ended a=104 b=111
dartnative: dart3d: contact began a=104 b=111 pts=1
dartnative: dart3d: contact began a=104 b=111 pts=1
dartnative: dart3d: contact began a=104 b=111 pts=1
dartnative: dart3d: contact began a=104 b=111 pts=1
dartnative: dart3d: contact began a=104 b=111 pts=1
dartnative: dart3d: contact began a=104 b=111 pts=1
dartnative: dart3d: contact began a=104 b=111 pts=1
dartnative: dart3d: contact began a=104 b=111 pts=1
dartnative: dart3d: contact began a=104 b=111 pts=1
dartnative: dart3d: contact began a=104 b=111 pts=1
dartnative: dart3d: contact began a=104 b=111 pts=1
dartnative: dart3d: contact began a=104 b=111 pts=1
dartnative: dart3d: contact began a=104 b=111 pts=1
dartnative: dart3d: contact began a=104 b=111 pts=1
dartnative: dart3d: contact began a=104 b=111 pts=1
dartnative: dart3d: contact began a=104 b=111 pts=1
dartnative: dart3d: contact began a=104 b=111 pts=1
dartnative: dart3d: contact began a=104 b=111 pts=1
dartnative: dart3d: contact began a=104 b=111 pts=1
dartnative: dart3d: contact began a=104 b=111 pts=1
dartnative: dart3d: contact ended a=104 b=111
dartnative: dart3d: contact began a=104 b=111 pts=1
dartnative: dart3d: contact ended a=104 b=111
dartnative: dart3d: contact began a=104 b=111 pts=1
dartnative: dart3d: contact ended a=104 b=111
dartnative: dart3d: contact ended a=104 b=111
dartnative: dart3d: contact ended a=104 b=111
dartnative: dart3d: wloose ccd pose=(3.30,0.37,2.60) PASS rests on slab
dartnative: dart3d: wloose bowl pose=(-2.27,-0.31,2.05) PASS contained
dartnative: dart3d: wloose margin drop spawned
dartnative: dart3d: contact began a=105 b=107 pts=1
dartnative: dart3d: wloose removed w5NoRest,j9.liftPlate,j9.chainAnchor,j9.chain1,j9.chain2,j9.chain3,j9.chain4 — settle events live
dartnative: dart3d: contact began a=104 b=111 pts=1
dartnative: dart3d: contact began a=101 b=103 pts=1
dartnative: dart3d: contact began a=107 b=105 pts=1
dartnative: dart3d: contact began a=86 b=82 pts=1
dartnative: dart3d: contact began a=86 b=82 pts=1
dartnative: dart3d: contact began a=86 b=82 pts=1
dartnative: dart3d: contact began a=86 b=82 pts=1
dartnative: dart3d: contact began a=88 b=82 pts=1
dartnative: dart3d: contact began a=88 b=82 pts=1
dartnative: dart3d: contact began a=87 b=82 pts=1
dartnative: dart3d: contact began a=87 b=82 pts=1
dartnative: dart3d: contact began a=48 b=82 pts=1
dartnative: dart3d: contact began a=48 b=82 pts=1
dartnative: dart3d: contact began a=79 b=82 pts=1
dartnative: dart3d: contact began a=79 b=82 pts=1
dartnative: dart3d: contact began a=84 b=82 pts=1
dartnative: dart3d: contact began a=84 b=82 pts=1
dartnative: dart3d: contact began a=80 b=82 pts=1
dartnative: dart3d: contact began a=88 b=82 pts=1
dartnative: dart3d: contact began a=88 b=82 pts=1
dartnative: dart3d: contact began a=87 b=82 pts=1
dartnative: dart3d: contact began a=87 b=82 pts=1
dartnative: dart3d: contact began a=48 b=82 pts=1
dartnative: dart3d: contact began a=48 b=82 pts=1
dartnative: dart3d: contact began a=79 b=82 pts=1
dartnative: dart3d: contact began a=79 b=82 pts=1
dartnative: dart3d: contact began a=84 b=82 pts=1
dartnative: dart3d: contact began a=84 b=82 pts=1
dartnative: dart3d: wloose margin mid=(5.50,0.10,0.50)
dartnative: dart3d: contact ended a=79 b=82
dartnative: dart3d: contact ended a=79 b=82
dartnative: dart3d: contact ended a=79 b=82
dartnative: dart3d: contact ended a=79 b=82
dartnative: dart3d: contact began a=79 b=82 pts=1
dartnative: dart3d: contact began a=79 b=82 pts=1
dartnative: dart3d: contact began a=79 b=82 pts=1
dartnative: dart3d: contact began a=79 b=82 pts=1
dartnative: dart3d: contact ended a=79 b=82
dartnative: dart3d: contact ended a=79 b=82
dartnative: dart3d: contact ended a=79 b=82
dartnative: dart3d: contact began a=79 b=82 pts=1
dartnative: dart3d: contact ended a=79 b=82
dartnative: dart3d: contact began a=79 b=82 pts=1
dartnative: dart3d: contact began a=79 b=82 pts=1
dartnative: dart3d: contact began a=79 b=82 pts=1
dartnative: dart3d: wloose margin pose=(5.50,0.10,0.50) PASS gap=0.55 above visual
dartnative: dart3d: wloose settle: 4701ms (roll 1 via pose-quiescence, die (-0.00,-0.00,2.51))
dartnative: dart3d: contact ended a=79 b=82
dartnative: dart3d: contact ended a=79 b=82
dartnative: dart3d: contact ended a=79 b=82
dartnative: dart3d: contact ended a=79 b=82
dartnative: dart3d: contact began a=79 b=82 pts=1
dartnative: dart3d: contact began a=79 b=82 pts=1
dartnative: dart3d: contact began a=79 b=82 pts=1
dartnative: dart3d: contact began a=79 b=82 pts=1
dartnative: dart3d: contact ended a=79 b=82
dartnative: dart3d: contact ended a=79 b=82
dartnative: dart3d: contact ended a=79 b=82
dartnative: dart3d: contact began a=79 b=82 pts=1
dartnative: dart3d: contact ended a=79 b=82
dartnative: dart3d: contact began a=79 b=82 pts=1
dartnative: dart3d: contact began a=79 b=82 pts=1
dartnative: dart3d: contact began a=79 b=82 pts=1
dartnative: dart3d: wloose settle: 4696ms (roll 2 via pose-quiescence, die (-0.00,-0.00,2.51))
dartnative: dart3d: contact ended a=79 b=82
dartnative: dart3d: contact ended a=79 b=82
dartnative: dart3d: contact ended a=79 b=82
dartnative: dart3d: contact ended a=79 b=82
dartnative: dart3d: contact began a=79 b=82 pts=1
dartnative: dart3d: contact began a=79 b=82 pts=1
dartnative: dart3d: contact began a=79 b=82 pts=1
dartnative: dart3d: contact began a=79 b=82 pts=1
dartnative: dart3d: contact ended a=79 b=82
dartnative: dart3d: contact ended a=79 b=82
dartnative: dart3d: contact ended a=79 b=82
dartnative: dart3d: contact began a=79 b=82 pts=1
dartnative: dart3d: contact ended a=79 b=82
dartnative: dart3d: contact began a=79 b=82 pts=1
dartnative: dart3d: contact began a=79 b=82 pts=1
dartnative: dart3d: contact began a=79 b=82 pts=1
dartnative: dart3d: wloose settle: 4699ms (roll 3 via pose-quiescence, die (-0.00,-0.00,2.51))
dartnative: dart3d: wloose settled event path: absent
dartnative: dart3d: w15 phase — lazy prefab subtree streaming
dartnative: dart3d: w15 loadSubtree A#1 sent t=1790662892381
dartnative: dart3d: w15 loadSubtree B#1 sent t=1790662893594
dartnative: dart3d: w15 deferred peak chunk sent t=1790662894793
dartnative: dart3d: w15 unloadSubtree A#1 sent t=1790662895993
dartnative: dart3d: w15 loadSubtree A#2 sent t=1790662897193
dartnative: dart3d: w15 unloadSubtree A#2 sent t=1790662898394
dartnative: dart3d: w15 loadSubtree A#3 sent t=1790662899593
dartnative: dart3d: w15 unloadSubtree A#3 sent t=1790662900793
dartnative: dart3d: w15 loadSubtree A#4 sent t=1790662901994
dartnative: dart3d: w15 lane complete — 5 loads, 3 unloads (3 cycles on streamA; expected final state: both grids live)
dartnative: dart3d: w24 phase — split-screen, viewport, cascades, contact shadows, catcher, layerMask
dartnative: dart3d: w24 shadow breadth + catcher + layer marker
dartnative: dart3d: w24 split-screen views
dartnative: dart3d: w24 viewport inset
dartnative: dart3d: w24 layerMask 8-bit lane
dartnative: dart3d: w24 views restored — lane complete
dartnative: dart3d: w16 phase — trail ribbon + screen-size lod drive
dartnative: dart3d: w16 mover home — lod/trail lane done
dartnative: dart3d: w25 phase — LUT + effects matrix lanes
dartnative: dart3d: w25 LUT chunk ref staged — payload deferred
dartnative: dart3d: w25 LUT payload landed — deferred grade applies
dartnative: dart3d: w25 LUT blend 0.35
dartnative: dart3d: w25 LUT asset path (assets/luts/cool.cube)
dartnative: dart3d: w25 filmGrain+autoExposure on
dartnative: dart3d: w25 ssr+lensFlare on
dartnative: dart3d: w25 godRays+standalone CA on
dartnative: dart3d: w25 effects reset
dartnative: dart3d: contact began a=79 b=102 pts=1
dartnative: dart3d: contact began a=79 b=102 pts=1
dartnative: dart3d: contact ended a=79 b=102
dartnative: dart3d: contact ended a=79 b=102
dartnative: dart3d: contact began a=79 b=102 pts=1
dartnative: dart3d: contact ended a=79 b=102
dartnative: dart3d: contact began a=79 b=84 pts=1
dartnative: dart3d: contact began a=79 b=82 pts=1
dartnative: dart3d: contact ended a=79 b=84
dartnative: dart3d: contact ended a=79 b=82
dartnative: dart3d: contact began a=79 b=82 pts=1
dartnative: dart3d: contact ended a=79 b=82
dartnative: dart3d: contact began a=79 b=82 pts=1
dartnative: dart3d: contact began a=79 b=84 pts=1
dartnative: dart3d: contact began a=79 b=84 pts=1
dartnative: dart3d: contact began a=79 b=84 pts=1
dartnative: dart3d: contact ended a=79 b=82
dartnative: dart3d: contact began a=79 b=84 pts=1
dartnative: dart3d: contact ended a=79 b=84
dartnative: dart3d: contact ended a=79 b=84
dartnative: dart3d: contact began a=79 b=111 pts=1
dartnative: dart3d: contact ended a=79 b=84
dartnative: dart3d: contact ended a=79 b=84
dartnative: dart3d: contact began a=79 b=111 pts=1
dartnative: dart3d: contact ended a=79 b=111
dartnative: dart3d: contact began a=79 b=111 pts=1
dartnative: dart3d: contact ended a=79 b=111
dartnative: dart3d: contact began a=79 b=111 pts=1
dartnative: dart3d: contact ended a=79 b=111
dartnative: dart3d: contact began a=79 b=111 pts=1
dartnative: dart3d: contact ended a=79 b=111
dartnative: dart3d: contact began a=79 b=111 pts=1
dartnative: dart3d: contact ended a=79 b=111
dartnative: dart3d: contact ended a=79 b=111
dartnative: dart3d: contact began a=79 b=111 pts=1
dartnative: dart3d: contact began a=79 b=111 pts=1
dartnative: dart3d: contact began a=79 b=111 pts=1
dartnative: dart3d: contact ended a=79 b=111
dartnative: dart3d: contact began a=79 b=111 pts=1
dartnative: dart3d: contact ended a=79 b=111
dartnative: dart3d: contact ended a=79 b=111
dartnative: dart3d: contact began a=79 b=82 pts=1
dartnative: dart3d: contact began a=79 b=111 pts=1
dartnative: dart3d: contact began a=79 b=111 pts=1
dartnative: dart3d: contact ended a=79 b=111
dartnative: dart3d: contact began a=79 b=82 pts=1
dartnative: dart3d: contact began a=79 b=111 pts=1
dartnative: dart3d: contact ended a=79 b=111
dartnative: dart3d: contact ended a=79 b=82
dartnative: dart3d: contact began a=79 b=111 pts=1
dartnative: dart3d: contact ended a=79 b=111
dartnative: dart3d: contact ended a=79 b=111
dartnative: dart3d: contact ended a=79 b=111
dartnative: dart3d: contact began a=79 b=82 pts=1
dartnative: dart3d: contact ended a=79 b=82
dartnative: dart3d: contact began a=79 b=82 pts=1
dartnative: dart3d: contact began a=79 b=82 pts=1
dartnative: dart3d: contact began a=79 b=82 pts=1
dartnative: dart3d: contact ended a=79 b=82
dartnative: dart3d: contact ended a=79 b=82
dartnative: dart3d: contact began a=79 b=82 pts=1
dartnative: dart3d: contact began a=79 b=82 pts=1
dartnative: dart3d: w25 lane complete — dice regression FAIL: die 1YDC1D800004Y rolled but no settle event within 10 s
dartnative: dart3d: w18 phase — particle emitters
dartnative: dart3d: w18 phase — flipbook fountain, additive streaks, mesh tumble pool, enabled:false gate
dartnative: dart3d: w18 gated emitter enabled (components update)
dartnative: dart3d: w18 streaks hidden
dartnative: dart3d: w18 streaks restored
dartnative: dart3d: w18 gated node removed
dartnative: dart3d: w18 lane complete — expected: fountain + streaks + mesh pool live, gated ran +6 s…+14 s then removed
dartnative: dart3d: dice table — 7 dice, 17 nodes, 29 payloads
dartnative: [DN] _performRebuild: root native view changed 1 → 34, re-emitting grow:1
dartnative: dart3d: rolled d4:3 d6:1 d8:1 d10t:0 d10u:0 d12:1 d20:1 d%:100  ·  total 107
dartnative: dart3d: rolled d4:2 d6:6 d8:5 d10t:20 d10u:2 d12:6 d20:10 d%:22  ·  total 51
dartnative: dart3d: showcase — dash: 41 nodes · 2 geo · 2 mat · 2 tex · 1 skins · 9 anims
dartnative: [DN] _performRebuild: root native view changed 34 → 54, re-emitting grow:1
