dart3d: dice table — 7 DartNative dice (logo inside), 31 nodes, 45 payloads, built in 337 ms (dice 317, compose from 333)
dart3d: dice table ready after 343 ms
dart3d: dice table handed to the view in 12 ms
dart3d: dice tray fit 402x874 insets EdgeInsets(l:10.0, t:118.0, r:10.0, b:144.0) → 4.38 px/u, camera 316, play x -42.7..42.7 z -65.9..71.9
dart3d: dice roll throw — strength 0.67 dir (1, -0) gates [1, 2]
dart3d: dice gates closed after 0.27 s
dart3d: dice d4 turns 176° to read upright
dart3d: dice settled — d4=4 (up 1.000 at 29.2,4.4,-58.6) d6=4 (up 1.000 at 33.0,6.9,15.5) d8=2 (up 1.000 at 34.1,5.3,-30.7) d10t=30 (up 0.997 at 34.4,6.0,-44.6) d10u=4 (up 0.996 at 29.3,6.0,-15.2) d12=1 (up 1.000 at 10.0,7.9,-52.3) d20=20 (up 0.997 at 2.9,7.7,-32.7)
dart3d: dice readout d4 4 · d6 4 · d8 2 · d12 1 · d20 20 · d% 30+4 = 65
dart3d: dice settled — d4=4 (up 1.000 at 22.9,4.4,-56.8) d6=4 (up 1.000 at 33.0,6.9,15.5) d8=2 (up 1.000 at 34.7,5.3,-28.9) d10t=30 (up 0.999 at 35.4,6.0,-42.7) d10u=4 (up 0.996 at 29.3,6.0,-15.2) d12=1 (up 1.000 at 7.9,7.9,-51.1) d20=20 (up 0.997 at 2.9,7.7,-32.7)
dart3d: dice readout d4 4 · d6 4 · d8 2 · d12 1 · d20 20 · d% 30+4 = 65
dart3d: dice roll throw — strength 0.57 dir (-0, -1) gates [0, 2]
dart3d: dice gates closed after 0.34 s
dart3d: dice d4 turns -127° to read upright
dart3d: dice settled — d4=4 (up 1.000 at 2.3,4.4,-56.3) d6=5 (up 1.000 at -33.8,6.9,-43.8) d8=6 (up 1.000 at -22.0,5.3,-27.1) d10t=50 (up 0.997 at 23.6,6.0,-54.8) d10u=1 (up 0.997 at -33.8,6.0,-57.4) d12=11 (up 1.000 at -17.6,7.9,-51.5) d20=18 (up 0.999 at -7.1,7.6,-34.1)
dart3d: dice readout d4 4 · d6 5 · d8 6 · d12 11 · d20 18 · d% 50+1 = 95
dart3d: dice settled — d4=4 (up 1.000 at 0.6,4.4,-49.4) d6=5 (up 1.000 at -33.7,6.9,-43.9) d8=6 (up 1.000 at -22.0,5.3,-27.1) d10t=50 (up 0.997 at 23.6,6.0,-54.8) d10u=1 (up 0.997 at -33.8,6.0,-57.4) d12=11 (up 1.000 at -17.6,7.9,-51.5) d20=18 (up 0.999 at -7.1,7.6,-34.1)
dart3d: dice readout d4 4 · d6 5 · d8 6 · d12 11 · d20 18 · d% 50+1 = 95
dart3d: dice roll throw — strength 0.75 dir (1, -1) gates [1, 2]
dart3d: dice gates closed after 0.27 s
dart3d: dice cocked d6 (up 0.770) → nudge #1
dart3d: dice d4 turns -175° to read upright
dart3d: dice settled — d4=1 (up 1.000 at -18.9,4.4,-58.1) d6=2 (up 1.000 at 8.0,6.9,-34.8) d8=8 (up 1.000 at 4.2,5.3,-56.7) d10t=30 (up 0.997 at -6.9,6.0,-50.0) d10u=6 (up 0.997 at -6.6,6.0,-32.3) d12=3 (up 1.000 at 23.1,7.9,-55.0) d20=14 (up 0.999 at 32.2,7.6,-30.5) [1 nudge]
dart3d: dice readout d4 1 · d6 2 · d8 8 · d12 3 · d20 14 · d% 30+6 = 64
dart3d: dice settled — d4=1 (up 1.000 at -22.6,4.4,-50.5) d6=2 (up 1.000 at 8.0,6.9,-34.8) d8=8 (up 1.000 at 4.2,5.3,-56.7) d10t=30 (up 0.997 at -6.4,6.0,-48.8) d10u=6 (up 0.997 at -6.6,6.0,-32.3) d12=3 (up 1.000 at 23.1,7.9,-55.0) d20=14 (up 0.999 at 32.2,7.6,-30.5) [1 nudge]
dart3d: dice readout d4 1 · d6 2 · d8 8 · d12 3 · d20 14 · d% 30+6 = 64
dart3d: dice roll throw — strength 0.57 dir (0, 1) gates [1, 3]
dart3d: dice gates closed after 0.40 s
dart3d: dice d4 turns 164° to read upright
dart3d: dice settled — d4=3 (up 1.000 at 6.6,4.4,55.6) d6=2 (up 1.000 at 34.0,6.9,62.0) d8=8 (up 1.000 at 27.5,5.3,34.5) d10t=20 (up 1.000 at 19.0,6.0,63.2) d10u=8 (up 1.000 at 34.0,6.0,48.8) d12=6 (up 0.997 at 13.1,7.7,38.6) d20=17 (up 0.999 at -10.9,7.5,47.3)
dart3d: dice readout d4 3 · d6 2 · d8 8 · d12 6 · d20 17 · d% 20+8 = 64
dart3d: dice settled — d4=3 (up 1.000 at 1.2,4.4,56.5) d6=2 (up 1.000 at 34.0,6.9,62.0) d8=8 (up 1.000 at 27.5,5.3,34.5) d10t=20 (up 1.000 at 18.9,6.0,63.0) d10u=8 (up 1.000 at 34.0,6.0,48.8) d12=6 (up 0.997 at 13.1,7.7,38.6) d20=17 (up 0.999 at -12.5,7.5,47.2)
dart3d: dice readout d4 3 · d6 2 · d8 8 · d12 6 · d20 17 · d% 20+8 = 64
dart3d: dice roll throw — strength 0.65 dir (-0, -1) gates [2, 1, 0]
dart3d: dice gates closed after 0.27 s
dart3d: dice d4 turns -9° to read upright
dart3d: dice settled — d4=1 (up 1.000 at -17.2,4.4,-59.2) d6=3 (up 1.000 at -34.0,6.9,-55.9) d8=8 (up 1.000 at -26.7,5.3,-37.7) d10t=20 (up 1.000 at -7.8,6.0,-43.2) d10u=1 (up 0.997 at 28.8,6.0,-55.3) d12=2 (up 1.000 at -3.0,7.9,-28.6) d20=15 (up 0.999 at 8.0,7.6,-50.2)
dart3d: dice readout d4 1 · d6 3 · d8 8 · d12 2 · d20 15 · d% 20+1 = 50
dart3d: dice timeout — d4=1 (up 1.000 at -17.2,4.4,-59.2) d6=3 (up 1.000 at -34.0,6.9,-55.8) d8=8 (up 1.000 at -26.7,5.3,-37.7) d10t=20 (up 1.000 at -7.8,6.0,-43.2) d10u=1 (up 0.997 at 28.8,6.0,-55.3) d12=2 (up 1.000 at -3.0,7.9,-28.6) d20=15 (up 0.999 at 7.9,7.6,-50.2)
dart3d: dice readout d4 1 · d6 3 · d8 8 · d12 2 · d20 15 · d% 20+1 = 50
dart3d: dice roll throw — strength 0.64 dir (1, 0) gates [1, 3]
dart3d: dice gates closed after 0.27 s
dart3d: dice d4 turns 87° to read upright
dart3d: dice settled — d4=2 (up 1.000 at 30.1,4.4,4.9) d6=6 (up 1.000 at 6.0,6.9,12.9) d8=5 (up 1.000 at 34.4,5.3,45.9) d10t=70 (up 1.000 at 32.1,6.0,21.2) d10u=5 (up 0.997 at -21.7,6.0,49.8) d12=4 (up 1.000 at 32.7,7.9,60.5) d20=7 (up 0.999 at 25.6,7.6,34.5)
dart3d: dice readout d4 2 · d6 6 · d8 5 · d12 4 · d20 7 · d% 70+5 = 99
dart3d: dice settled — d4=2 (up 1.000 at 30.0,4.4,4.5) d6=6 (up 1.000 at 6.0,6.9,12.9) d8=5 (up 1.000 at 34.4,5.3,45.9) d10t=70 (up 1.000 at 32.1,6.0,21.2) d10u=5 (up 0.997 at -21.7,6.0,49.8) d12=4 (up 1.000 at 32.7,7.9,60.5) d20=7 (up 0.999 at 25.5,7.6,34.5)
dart3d: dice readout d4 2 · d6 6 · d8 5 · d12 4 · d20 7 · d% 70+5 = 99
dart3d: dice aim throw — strength 0.80 dir (-150, 300) gates [0, 3]
dart3d: dice gates closed after 0.32 s
dart3d: dice cocked d12 (up 0.854) → nudge #1
dart3d: dice cocked d12 (up 0.969) → nudge #2
dart3d: dice cocked d12 (up 0.860) → nudge #3
dart3d: dice d4 turns -16° to read upright
dart3d: dice settled — d4=4 (up 1.000 at -32.4,4.4,52.6) d6=1 (up 1.000 at -2.9,6.9,9.4) d8=2 (up 1.000 at -35.8,5.3,64.7) d10t=70 (up 1.000 at -31.9,6.0,39.7) d10u=1 (up 0.997 at 1.2,6.0,43.6) d12=3 (up 1.000 at -15.8,7.9,43.7) d20=10 (up 0.999 at -11.2,7.6,61.2) [3 nudges]
dart3d: dice readout d4 4 · d6 1 · d8 2 · d12 3 · d20 10 · d% 70+1 = 91
dart3d: dice timeout — d4=4 (up 1.000 at -32.2,4.4,52.7) d6=1 (up 1.000 at -2.9,6.9,9.4) d8=2 (up 1.000 at -35.8,5.3,64.7) d10t=70 (up 1.000 at -31.9,6.0,39.7) d10u=1 (up 0.997 at 1.2,6.0,43.6) d12=3 (up 1.000 at -15.8,7.9,43.6) d20=10 (up 0.999 at -11.2,7.6,61.2) [3 nudges]
dart3d: dice readout d4 4 · d6 1 · d8 2 · d12 3 · d20 10 · d% 70+1 = 91
dart3d: dice picked up (hover 68)
dart3d: dice tossed — fling 1897 px/s (tracked, 5 moves, last 0 ms before release) → 15.9 u/s
dart3d: dice d4 turns -84° to read upright
dart3d: dice settled — d4=3 (up 1.000 at -26.5,4.4,59.6) d6=4 (up 1.000 at 32.1,6.9,60.0) d8=4 (up 1.000 at -15.7,5.3,62.5) d10t=40 (up 0.997 at -34.8,6.0,48.2) d10u=3 (up 0.997 at -12.2,6.0,8.1) d12=10 (up 1.000 at 15.7,7.9,42.1) d20=7 (up 0.999 at 14.8,7.6,59.8)
dart3d: dice readout d4 3 · d6 4 · d8 4 · d12 10 · d20 7 · d% 40+3 = 71
dart3d: dice timeout — d4=3 (up 1.000 at -28.7,4.4,59.2) d6=4 (up 1.000 at 32.1,6.9,60.0) d8=4 (up 1.000 at -14.8,5.3,63.9) d10t=40 (up 0.997 at -35.1,6.0,47.0) d10u=3 (up 0.997 at -12.2,6.0,8.1) d12=10 (up 1.000 at 15.7,7.9,42.2) d20=7 (up 0.999 at 14.8,7.6,59.9)
dart3d: dice readout d4 3 · d6 4 · d8 4 · d12 10 · d20 7 · d% 40+3 = 71
dart3d: dice sweep
dart3d: dice d4 turns -86° to read upright
dart3d: dice settled — d4=4 (up 1.000 at -36.5,4.4,40.5) d6=4 (up 1.000 at 34.0,6.9,60.6) d8=2 (up 1.000 at -21.9,5.3,61.1) d10t=20 (up 1.000 at -1.6,6.0,18.2) d10u=7 (up 1.000 at 18.0,6.0,51.0) d12=7 (up 1.000 at 27.0,7.9,38.4) d20=9 (up 0.999 at 5.7,7.6,61.6)
dart3d: dice readout d4 4 · d6 4 · d8 2 · d12 7 · d20 9 · d% 20+7 = 53
dart3d: dice settled — d4=4 (up 1.000 at -31.6,4.4,40.4) d6=4 (up 1.000 at 34.0,6.9,60.6) d8=2 (up 1.000 at -21.9,5.3,61.1) d10t=20 (up 1.000 at -1.6,6.0,18.2) d10u=7 (up 1.000 at 18.0,6.0,51.0) d12=7 (up 1.000 at 27.0,7.9,38.4) d20=9 (up 0.999 at 5.7,7.6,61.6)
dart3d: dice readout d4 4 · d6 4 · d8 2 · d12 7 · d20 9 · d% 20+7 = 53
dart3d: dice roll throw — strength 0.61 dir (-1, -0) gates [0, 2]
dart3d: dice gates closed after 0.29 s
dart3d: dice d4 turns 121° to read upright
dart3d: dice settled — d4=4 (up 1.000 at -22.1,4.4,-56.2) d6=2 (up 1.000 at -30.4,6.9,-28.7) d8=8 (up 1.000 at -19.5,5.3,64.2) d10t=30 (up 0.999 at -35.0,6.0,-57.3) d10u=7 (up 1.000 at -11.7,6.0,-47.9) d12=6 (up 0.997 at -31.3,7.7,11.1) d20=9 (up 0.999 at 7.2,7.6,-37.5)
dart3d: dice readout d4 4 · d6 2 · d8 8 · d12 6 · d20 9 · d% 30+7 = 66
dart3d: dice settled — d4=4 (up 1.000 at -18.4,4.4,-54.5) d6=2 (up 1.000 at -30.4,6.9,-28.7) d8=8 (up 1.000 at -19.5,5.3,64.2) d10t=30 (up 1.000 at -35.3,6.0,-56.0) d10u=7 (up 1.000 at -4.1,6.0,-48.4) d12=6 (up 0.997 at -31.3,7.7,11.1) d20=9 (up 0.999 at 7.4,7.6,-37.4)
dart3d: dice readout d4 4 · d6 2 · d8 8 · d12 6 · d20 9 · d% 30+7 = 66
dart3d: dice tray fit 874x402 insets EdgeInsets(l:72.0, t:56.0, r:222.0, b:54.0) → 4.38 px/u, camera 145, play x -82.4..48.2 z -32.6..32.2
dart3d: dice refit moved 6 — reading again
dart3d: dice cocked d8 (up 0.831) → nudge #1
dart3d: dice settled — d4=1 (up 1.000 at -11.9,4.4,-10.0) d6=2 (up 1.000 at -32.5,6.9,-18.3) d8=1 (up 1.000 at -16.1,5.3,15.1) d10t=50 (up 0.997 at -47.1,6.0,-23.0) d10u=8 (up 1.000 at -6.2,6.0,-21.3) d12=6 (up 0.997 at -31.3,7.7,11.1) d20=3 (up 0.999 at 18.1,7.5,-13.3) [1 nudge]
dart3d: dice readout d4 1 · d6 2 · d8 1 · d12 6 · d20 3 · d% 50+8 = 71
dart3d: dice roll throw — strength 0.75 dir (-1, 1) gates [0, 3]
dart3d: dice gates closed after 0.36 s
dart3d: dice d4 turns -20° to read upright
dart3d: dice settled — d4=2 (up 1.000 at -40.4,4.4,24.6) d6=3 (up 1.000 at -36.8,6.9,-21.0) d8=4 (up 1.000 at -61.1,5.3,1.6) d10t=90 (up 0.997 at -42.1,6.0,-2.4) d10u=2 (up 1.000 at -55.1,6.0,24.1) d12=10 (up 1.000 at -68.4,7.9,16.9) d20=20 (up 0.998 at -63.7,7.7,-13.7)
dart3d: dice readout d4 2 · d6 3 · d8 4 · d12 10 · d20 20 · d% 90+2 = 131
dart3d: dice timeout — d4=2 (up 1.000 at -39.4,4.4,25.3) d6=3 (up 1.000 at -36.8,6.9,-21.0) d8=4 (up 1.000 at -61.1,5.3,1.6) d10t=90 (up 0.997 at -42.1,6.0,-2.4) d10u=2 (up 1.000 at -55.3,6.0,23.9) d12=10 (up 1.000 at -68.4,7.9,16.8) d20=20 (up 0.998 at -63.7,7.7,-13.8)
dart3d: dice readout d4 2 · d6 3 · d8 4 · d12 10 · d20 20 · d% 90+2 = 131
