dart3d: dice table — 7 DartNative dice (logo inside), 31 nodes, 45 payloads, built in 653 ms (dice 618, compose from 645)
dart3d: dice table ready after 670 ms
dart3d: dice table handed to the view in 15 ms
dart3d: dice tray fit 402x874 insets EdgeInsets(l:10.0, t:118.0, r:10.0, b:144.0) → 4.38 px/u, camera 316, play x -42.7..42.7 z -65.9..71.9
dart3d: dice roll throw — strength 0.66 dir (-0, 1) gates [0, 3]
dart3d: dice gates closed after 0.80 s
dart3d: dice cocked d6 (up 0.732) → nudge #1
dart3d: dice cocked d10t (up 0.955) → nudge #1
dart3d: dice cocked d6 (up 0.732) → nudge #2
dart3d: dice cocked d6 (up 0.790) → nudge #3
dart3d: dice d4 turns 135° to read upright
dart3d: dice settled — d4=1 (up 1.000 at -0.6,4.4,63.5) d6=3 (up 1.000 at -19.1,6.9,39.3) d8=3 (up 1.000 at -3.5,5.3,37.5) d10t=30 (up 0.997 at -34.4,6.0,63.8) d10u=0 (up 0.999 at -35.1,6.0,49.9) d12=5 (up 1.000 at -32.5,7.9,30.2) d20=11 (up 0.999 at -8.6,7.6,53.2) [4 nudges]
dart3d: dice readout d4 1 · d6 3 · d8 3 · d12 5 · d20 11 · d% 30+0 = 53
dart3d: dice settled — d4=1 (up 1.000 at 10.4,4.4,59.1) d6=3 (up 1.000 at -19.3,6.9,39.0) d8=3 (up 1.000 at -3.5,5.3,37.5) d10t=30 (up 0.997 at -34.4,6.0,63.8) d10u=0 (up 0.998 at -35.1,6.0,49.9) d12=5 (up 1.000 at -32.5,7.9,29.7) d20=11 (up 0.999 at -10.1,7.6,52.2) [4 nudges]
dart3d: dice readout d4 1 · d6 3 · d8 3 · d12 5 · d20 11 · d% 30+0 = 53
dart3d: dice picked up (hover 68)
dart3d: dice tossed — fling 2208 px/s (tracked, 5 moves, last 1 ms before release) → 18.5 u/s
dart3d: dice cocked d8 (up 0.817) → nudge #1
dart3d: dice d4 turns -40° to read upright
dart3d: dice settled — d4=1 (up 1.000 at 5.4,4.4,63.6) d6=3 (up 1.000 at 20.8,6.9,60.0) d8=5 (up 1.000 at 34.3,5.3,53.3) d10t=50 (up 0.997 at -5.9,6.0,54.0) d10u=7 (up 1.000 at 13.1,6.0,19.4) d12=6 (up 0.997 at -31.2,7.7,60.2) d20=1 (up 0.998 at 7.2,7.7,44.8) [1 nudge]
dart3d: dice readout d4 1 · d6 3 · d8 5 · d12 6 · d20 1 · d% 50+7 = 73
dart3d: dice settled — d4=1 (up 1.000 at 3.9,4.4,63.4) d6=3 (up 1.000 at 21.0,6.9,60.1) d8=5 (up 1.000 at 34.3,5.3,53.3) d10t=50 (up 0.997 at -5.9,6.0,54.0) d10u=7 (up 1.000 at 13.1,6.0,19.4) d12=6 (up 0.997 at -31.2,7.7,60.2) d20=1 (up 0.998 at 7.2,7.7,44.8) [1 nudge]
dart3d: dice readout d4 1 · d6 3 · d8 5 · d12 6 · d20 1 · d% 50+7 = 73
