dart3d: showcase — materials: 11 nodes · 8 geo · 8 mat · 3 tex
dart3d: showcase — glb: 6 nodes · 2 geo · 2 mat · 1 tex
dart3d: showcase — materials: 11 nodes · 8 geo · 8 mat · 3 tex
dart3d: migrated fscene v2 → v5
dart3d: showcase — playground: 8 nodes · 5 geo · 5 mat
dart3d: migrated fscene v2 → v5
dart3d: showcase — cube: 5 nodes · 2 geo · 2 mat
dart3d: migrated fscene v2 → v5
dart3d: migrated fscene v2 → v5
dart3d: migrated fscene v2 → v5
dart3d: showcase — prefabs: 11 nodes · 4 geo · 4 mat
dart3d: showcase — triangles: 8 nodes · 3 geo · 3 mat · 1 skins · 2 anims
dart3d: showcase — fcar: 22 nodes · 40 geo · 12 mat
dart3d: showcase — dash: 41 nodes · 2 geo · 2 mat · 2 tex · 1 skins · 9 anims
dart3d: showcase — dartnative_logo: 6 nodes · 1 geo · 1 mat · 1 tex · 1 anims
dart3d: hero — frameRadius 1.218 dist 18.474 aspect 0.460 glow 1 mat(s)
dart3d: dice table — 7 DartNative dice (logo inside), 31 nodes, 45 payloads, built in 260 ms (dice 253, compose from 259)
dart3d: dice table ready after 267 ms
dart3d: dice table handed to the view in 3 ms
dart3d: dice tray fit 402x874 insets EdgeInsets(l:10.0, t:118.0, r:10.0, b:144.0) → 4.38 px/u, camera 316, play x -42.7..42.7 z -65.9..71.9
dart3d: dice roll throw — strength 0.74 dir (-1, -1) gates [0, 2]
dart3d: dice gates closed after 0.33 s
dart3d: dice d4 turns -154° to read upright
dart3d: dice settled — d4=4 (up 1.000 at -21.6,4.4,-58.1) d6=4 (up 1.000 at -8.0,6.9,-35.7) d8=8 (up 1.000 at -35.8,5.3,-58.6) d10t=60 (up 0.997 at -32.4,6.0,-32.5) d10u=6 (up 0.997 at -29.4,6.0,-47.7) d12=9 (up 0.997 at 32.0,7.7,-54.6) d20=18 (up 0.999 at 7.8,7.6,-51.5)
dart3d: dice readout d4 4 · d6 4 · d8 8 · d12 9 · d20 18 · d% 60+6 = 109
dart3d: dice settled — d4=4 (up 1.000 at -14.5,4.4,-50.8) d6=4 (up 1.000 at -8.0,6.9,-35.7) d8=8 (up 1.000 at -35.8,5.3,-58.6) d10t=60 (up 0.997 at -32.4,6.0,-32.5) d10u=6 (up 0.997 at -32.0,6.0,-46.2) d12=9 (up 0.997 at 31.9,7.7,-54.6) d20=18 (up 0.999 at 7.8,7.6,-51.5)
dart3d: dice readout d4 4 · d6 4 · d8 8 · d12 9 · d20 18 · d% 60+6 = 109
dart3d: dice roll throw — strength 0.85 dir (-1, 0) gates [0]
dart3d: dice gates closed after 0.29 s
dart3d: dice d4 turns 11° to read upright
dart3d: dice settled — d4=3 (up 1.000 at -16.0,4.4,-9.9) d6=6 (up 1.000 at -20.3,6.9,52.2) d8=8 (up 1.000 at -14.5,5.3,64.4) d10t=50 (up 0.997 at -33.6,6.0,-2.8) d10u=9 (up 0.997 at -32.6,6.0,62.8) d12=2 (up 1.000 at 13.7,7.9,56.7) d20=17 (up 0.999 at -10.6,7.5,-51.4)
dart3d: dice readout d4 3 · d6 6 · d8 8 · d12 2 · d20 17 · d% 50+9 = 95
dart3d: dice timeout — d4=3 (up 1.000 at -16.0,4.4,-9.9) d6=6 (up 1.000 at -20.2,6.9,52.2) d8=8 (up 1.000 at -14.5,5.3,64.4) d10t=50 (up 0.997 at -33.6,6.0,-2.8) d10u=9 (up 0.997 at -32.6,6.0,62.8) d12=2 (up 1.000 at 13.8,7.9,56.7) d20=17 (up 0.999 at -10.6,7.5,-51.4)
dart3d: dice readout d4 3 · d6 6 · d8 8 · d12 2 · d20 17 · d% 50+9 = 95
